---
source: narwhal/config/tests/config_tests.rs
expression: committee
---
{
  "authorities": {
    "aleo19vqr0cv6yxydfzpxjvewsgycqsxm6sty6yucs3vaktlsu3u6cg9q7c7gsp": {
      "stake": 1,
      "primary_address": "/ip4/127.0.0.1/udp/0",
      "network_key": "LC/82uPqS70tgF56yNcxk5O1TD37cuMArVZDxvROh6M="
    },
    "aleo1r2hsvg5pqvs5eund3rm6flzktkvnvnxl8rts0clzedut6wftlqrq2ynk78": {
      "stake": 1,
      "primary_address": "/ip4/127.0.0.1/udp/0",
      "network_key": "PJSpaHkKoMuorl8/QGSq5siQtb9glZoBNVv0n0ezQTA="
    },
    "aleo1se3y988xnw65yhldxdjjs5u8dtdh5gcvj4c2agrhhgdjelgemcys5kn7yu": {
      "stake": 1,
      "primary_address": "/ip4/127.0.0.1/udp/0",
      "network_key": "iRf3oG9ka0fwbVnVX9BQ3m9wisZbj4rDCF/q5oTjLU4="
    },
    "aleo1ukyjtjp8vm67k2zwaqj7jfnke6kjtlac3w40994hxz54h4z8j5xqlknymw": {
      "stake": 1,
      "primary_address": "/ip4/127.0.0.1/udp/0",
      "network_key": "Zm3+Rl2weh6VsEmVBAALZ9Pk1yOf+nHpT8LsI1l/0q8="
    }
  },
  "epoch": 0
}
